2026-02-01 22:35:24 INFO  com.example.revpay_p2.RevpayP2Application - Starting RevpayP2Application using Java 17.0.12 with PID 21544 (C:\Users\dilee\Desktop\New folder\Revature\fullstack-workshop\15-spring-boot\revpay-p2\target\classes started by dilee in C:\Users\dilee\Desktop\New folder\Revature\fullstack-workshop\15-spring-boot\revpay-p2)
2026-02-01 22:35:24 INFO  com.example.revpay_p2.RevpayP2Application - No active profile set, falling back to 1 default profile: "default"
2026-02-01 22:35:32 INFO  com.example.revpay_p2.RevpayP2Application - Started RevpayP2Application in 7.787 seconds (process running for 8.89)
2026-02-01 22:38:52 INFO  [restartedMain] com.example.revpay_p2.RevpayP2Application - Starting RevpayP2Application using Java 17.0.12 with PID 21672 (C:\Users\dilee\Desktop\New folder\Revature\fullstack-workshop\15-spring-boot\revpay-p2\target\classes started by dilee in C:\Users\dilee\Desktop\New folder\Revature\fullstack-workshop\15-spring-boot\revpay-p2)
2026-02-01 22:38:52 INFO  [restartedMain] com.example.revpay_p2.RevpayP2Application - No active profile set, falling back to 1 default profile: "default"
2026-02-01 22:38:52 INFO  [restartedMain] org.springframework.boot.devtools.env.DevToolsPropertyDefaultsPostProcessor - Devtools property defaults active! Set 'spring.devtools.add-properties' to 'false' to disable
2026-02-01 22:38:52 INFO  [restartedMain] org.springframework.boot.devtools.env.DevToolsPropertyDefaultsPostProcessor - For additional web related logging consider setting the 'logging.level.web' property to 'DEBUG'
2026-02-01 22:38:53 INFO  [restartedMain] org.springframework.data.repository.config.RepositoryConfigurationDelegate - Bootstrapping Spring Data JPA repositories in DEFAULT mode.
2026-02-01 22:38:53 INFO  [restartedMain] org.springframework.data.repository.config.RepositoryConfigurationDelegate - Finished Spring Data repository scanning in 103 ms. Found 9 JPA repository interfaces.
2026-02-01 22:38:54 INFO  [restartedMain] org.springframework.boot.tomcat.TomcatWebServer - Tomcat initialized with port 8082 (http)
2026-02-01 22:38:54 INFO  [restartedMain] org.apache.coyote.http11.Http11NioProtocol - Initializing ProtocolHandler ["http-nio-8082"]
2026-02-01 22:38:54 INFO  [restartedMain] org.apache.catalina.core.StandardService - Starting service [Tomcat]
2026-02-01 22:38:54 INFO  [restartedMain] org.apache.catalina.core.StandardEngine - Starting Servlet engine: [Apache Tomcat/11.0.15]
2026-02-01 22:38:54 INFO  [restartedMain] org.springframework.boot.web.context.servlet.WebApplicationContextInitializer - Root WebApplicationContext: initialization completed in 2045 ms
2026-02-01 22:38:54 INFO  [restartedMain] org.hibernate.orm.jpa - HHH008540: Processing PersistenceUnitInfo [name: default]
2026-02-01 22:38:54 INFO  [restartedMain] org.hibernate.orm.core - HHH000001: Hibernate ORM core version 7.2.1.Final
2026-02-01 22:38:55 INFO  [restartedMain] org.springframework.orm.jpa.persistenceunit.SpringPersistenceUnitInfo - No LoadTimeWeaver setup: ignoring JPA class transformer
2026-02-01 22:38:55 INFO  [restartedMain] com.zaxxer.hikari.HikariDataSource - HikariPool-1 - Starting...
2026-02-01 22:38:55 INFO  [restartedMain] com.zaxxer.hikari.pool.HikariPool - HikariPool-1 - Added connection com.mysql.cj.jdbc.ConnectionImpl@7bf4fe78
2026-02-01 22:38:55 INFO  [restartedMain] com.zaxxer.hikari.HikariDataSource - HikariPool-1 - Start completed.
2026-02-01 22:38:55 WARN  [restartedMain] org.hibernate.orm.deprecation - HHH90000025: MySQLDialect does not need to be specified explicitly using 'hibernate.dialect' (remove the property setting and it will be selected by default)
2026-02-01 22:38:55 INFO  [restartedMain] org.hibernate.orm.connections.pooling - HHH10001005: Database info:
	Database JDBC URL [jdbc:mysql://localhost:3306/revpay_db?useSSL=false&serverTimezone=UTC&allowPublicKeyRetrieval=true]
	Database driver: MySQL Connector/J
	Database dialect: MySQLDialect
	Database version: 8.0.40
	Default catalog/schema: revpay_db/undefined
	Autocommit mode: undefined/unknown
	Isolation level: REPEATABLE_READ [default REPEATABLE_READ]
	JDBC fetch size: none
	Pool: DataSourceConnectionProvider
	Minimum pool size: undefined/unknown
	Maximum pool size: undefined/unknown
2026-02-01 22:38:57 INFO  [restartedMain] org.hibernate.orm.core - HHH000489: No JTA platform available (set 'hibernate.transaction.jta.platform' to enable JTA platform integration)
2026-02-01 22:38:57 INFO  [restartedMain] org.springframework.orm.jpa.LocalContainerEntityManagerFactoryBean - Initialized JPA EntityManagerFactory for persistence unit 'default'
2026-02-01 22:38:57 INFO  [restartedMain] org.springframework.data.jpa.repository.query.QueryEnhancerFactories - Hibernate is in classpath; If applicable, HQL parser will be used.
2026-02-01 22:38:58 WARN  [restartedMain] org.springframework.boot.jpa.autoconfigure.JpaBaseConfiguration$JpaWebConfiguration - spring.jpa.open-in-view is enabled by default. Therefore, database queries may be performed during view rendering. Explicitly configure spring.jpa.open-in-view to disable this warning
2026-02-01 22:38:58 INFO  [restartedMain] org.apache.coyote.http11.Http11NioProtocol - Starting ProtocolHandler ["http-nio-8082"]
2026-02-01 22:38:58 INFO  [restartedMain] org.springframework.boot.tomcat.TomcatWebServer - Tomcat started on port 8082 (http) with context path '/'
2026-02-01 22:38:58 INFO  [restartedMain] com.example.revpay_p2.RevpayP2Application - Started RevpayP2Application in 6.948 seconds (process running for 7.955)
2026-02-01 22:41:49 INFO  [restartedMain] com.example.revpay_p2.controller.AuthController - ---- Personal User Registration ----
2026-02-01 22:41:49 INFO  [restartedMain] com.example.revpay_p2.controller.AuthController - Full Name:
2026-02-01 22:41:53 INFO  [restartedMain] com.example.revpay_p2.controller.AuthController - Email:
2026-02-01 22:41:58 INFO  [restartedMain] com.example.revpay_p2.controller.AuthController - Phone:
2026-02-01 22:42:02 INFO  [restartedMain] com.example.revpay_p2.controller.AuthController - Password:
2026-02-01 22:42:02 WARN  [restartedMain] com.example.revpay_p2.util.ConsolePasswordReader - Console not available, using visible input
2026-02-01 22:42:13 INFO  [restartedMain] com.example.revpay_p2.controller.AuthController - Transaction PIN:
2026-02-01 22:42:13 WARN  [restartedMain] com.example.revpay_p2.util.ConsolePasswordReader - Console not available, using visible input
2026-02-01 22:42:53 INFO  [SpringApplicationShutdownHook] org.springframework.boot.tomcat.GracefulShutdown - Commencing graceful shutdown. Waiting for active requests to complete
2026-02-01 22:42:53 INFO  [tomcat-shutdown] org.springframework.boot.tomcat.GracefulShutdown - Graceful shutdown complete
2026-02-01 22:42:53 INFO  [SpringApplicationShutdownHook] org.springframework.orm.jpa.LocalContainerEntityManagerFactoryBean - Closing JPA EntityManagerFactory for persistence unit 'default'
2026-02-01 22:42:53 INFO  [SpringApplicationShutdownHook] com.zaxxer.hikari.HikariDataSource - HikariPool-1 - Shutdown initiated...
2026-02-01 22:42:53 INFO  [SpringApplicationShutdownHook] com.zaxxer.hikari.HikariDataSource - HikariPool-1 - Shutdown completed.
2026-02-01 22:43:07 INFO  [restartedMain] com.example.revpay_p2.RevpayP2Application - Starting RevpayP2Application using Java 17.0.12 with PID 22948 (C:\Users\dilee\Desktop\New folder\Revature\fullstack-workshop\15-spring-boot\revpay-p2\target\classes started by dilee in C:\Users\dilee\Desktop\New folder\Revature\fullstack-workshop\15-spring-boot\revpay-p2)
2026-02-01 22:43:07 INFO  [restartedMain] com.example.revpay_p2.RevpayP2Application - No active profile set, falling back to 1 default profile: "default"
2026-02-01 22:43:07 INFO  [restartedMain] org.springframework.boot.devtools.env.DevToolsPropertyDefaultsPostProcessor - Devtools property defaults active! Set 'spring.devtools.add-properties' to 'false' to disable
2026-02-01 22:43:07 INFO  [restartedMain] org.springframework.boot.devtools.env.DevToolsPropertyDefaultsPostProcessor - For additional web related logging consider setting the 'logging.level.web' property to 'DEBUG'
2026-02-01 22:43:08 INFO  [restartedMain] org.springframework.data.repository.config.RepositoryConfigurationDelegate - Bootstrapping Spring Data JPA repositories in DEFAULT mode.
2026-02-01 22:43:08 INFO  [restartedMain] org.springframework.data.repository.config.RepositoryConfigurationDelegate - Finished Spring Data repository scanning in 103 ms. Found 9 JPA repository interfaces.
2026-02-01 22:43:09 INFO  [restartedMain] org.springframework.boot.tomcat.TomcatWebServer - Tomcat initialized with port 8082 (http)
2026-02-01 22:43:09 INFO  [restartedMain] org.apache.coyote.http11.Http11NioProtocol - Initializing ProtocolHandler ["http-nio-8082"]
2026-02-01 22:43:09 INFO  [restartedMain] org.apache.catalina.core.StandardService - Starting service [Tomcat]
2026-02-01 22:43:09 INFO  [restartedMain] org.apache.catalina.core.StandardEngine - Starting Servlet engine: [Apache Tomcat/11.0.15]
2026-02-01 22:43:09 INFO  [restartedMain] org.springframework.boot.web.context.servlet.WebApplicationContextInitializer - Root WebApplicationContext: initialization completed in 2076 ms
2026-02-01 22:43:09 INFO  [restartedMain] org.hibernate.orm.jpa - HHH008540: Processing PersistenceUnitInfo [name: default]
2026-02-01 22:43:09 INFO  [restartedMain] org.hibernate.orm.core - HHH000001: Hibernate ORM core version 7.2.1.Final
2026-02-01 22:43:10 INFO  [restartedMain] org.springframework.orm.jpa.persistenceunit.SpringPersistenceUnitInfo - No LoadTimeWeaver setup: ignoring JPA class transformer
2026-02-01 22:43:10 INFO  [restartedMain] com.zaxxer.hikari.HikariDataSource - HikariPool-1 - Starting...
2026-02-01 22:43:10 INFO  [restartedMain] com.zaxxer.hikari.pool.HikariPool - HikariPool-1 - Added connection com.mysql.cj.jdbc.ConnectionImpl@435d75ac
2026-02-01 22:43:10 INFO  [restartedMain] com.zaxxer.hikari.HikariDataSource - HikariPool-1 - Start completed.
2026-02-01 22:43:10 WARN  [restartedMain] org.hibernate.orm.deprecation - HHH90000025: MySQLDialect does not need to be specified explicitly using 'hibernate.dialect' (remove the property setting and it will be selected by default)
2026-02-01 22:43:10 INFO  [restartedMain] org.hibernate.orm.connections.pooling - HHH10001005: Database info:
	Database JDBC URL [jdbc:mysql://localhost:3306/revpay_db?useSSL=false&serverTimezone=UTC&allowPublicKeyRetrieval=true]
	Database driver: MySQL Connector/J
	Database dialect: MySQLDialect
	Database version: 8.0.40
	Default catalog/schema: revpay_db/undefined
	Autocommit mode: undefined/unknown
	Isolation level: REPEATABLE_READ [default REPEATABLE_READ]
	JDBC fetch size: none
	Pool: DataSourceConnectionProvider
	Minimum pool size: undefined/unknown
	Maximum pool size: undefined/unknown
2026-02-01 22:43:11 INFO  [restartedMain] org.hibernate.orm.core - HHH000489: No JTA platform available (set 'hibernate.transaction.jta.platform' to enable JTA platform integration)
2026-02-01 22:43:11 INFO  [restartedMain] org.springframework.orm.jpa.LocalContainerEntityManagerFactoryBean - Initialized JPA EntityManagerFactory for persistence unit 'default'
2026-02-01 22:43:12 INFO  [restartedMain] org.springframework.data.jpa.repository.query.QueryEnhancerFactories - Hibernate is in classpath; If applicable, HQL parser will be used.
2026-02-01 22:43:12 WARN  [restartedMain] org.springframework.boot.jpa.autoconfigure.JpaBaseConfiguration$JpaWebConfiguration - spring.jpa.open-in-view is enabled by default. Therefore, database queries may be performed during view rendering. Explicitly configure spring.jpa.open-in-view to disable this warning
2026-02-01 22:43:13 INFO  [restartedMain] org.apache.coyote.http11.Http11NioProtocol - Starting ProtocolHandler ["http-nio-8082"]
2026-02-01 22:43:13 INFO  [restartedMain] org.springframework.boot.tomcat.TomcatWebServer - Tomcat started on port 8082 (http) with context path '/'
2026-02-01 22:43:13 INFO  [restartedMain] com.example.revpay_p2.RevpayP2Application - Started RevpayP2Application in 6.994 seconds (process running for 8.002)
2026-02-01 22:43:24 INFO  [restartedMain] com.example.revpay_p2.controller.AuthController - ---- Personal User Registration ----
2026-02-01 22:43:24 INFO  [restartedMain] com.example.revpay_p2.controller.AuthController - Full Name:
2026-02-01 22:43:28 INFO  [restartedMain] com.example.revpay_p2.controller.AuthController - Email:
2026-02-01 22:43:34 INFO  [restartedMain] com.example.revpay_p2.controller.AuthController - Phone:
2026-02-01 22:43:38 INFO  [restartedMain] com.example.revpay_p2.controller.AuthController - Password:
2026-02-01 22:43:38 WARN  [restartedMain] com.example.revpay_p2.util.ConsolePasswordReader - Console not available, using visible input
2026-02-01 22:48:24 INFO  [SpringApplicationShutdownHook] org.springframework.boot.tomcat.GracefulShutdown - Commencing graceful shutdown. Waiting for active requests to complete
2026-02-01 22:48:25 INFO  [tomcat-shutdown] org.springframework.boot.tomcat.GracefulShutdown - Graceful shutdown complete
2026-02-01 22:48:25 INFO  [SpringApplicationShutdownHook] org.springframework.orm.jpa.LocalContainerEntityManagerFactoryBean - Closing JPA EntityManagerFactory for persistence unit 'default'
2026-02-01 22:48:25 INFO  [SpringApplicationShutdownHook] com.zaxxer.hikari.HikariDataSource - HikariPool-1 - Shutdown initiated...
2026-02-01 22:48:25 INFO  [SpringApplicationShutdownHook] com.zaxxer.hikari.HikariDataSource - HikariPool-1 - Shutdown completed.
